Microchip MPLAB XC8 Compiler V2.32

Linker command line:

-W-3 --edf=C:\Program Files\Microchip\xc8\v2.32\pic\dat\en_msgs.txt -cn \
  -h+dist/default/production\final-project-thurs-ajay-feyzi.X.production.sym \
  --cmf=dist/default/production\final-project-thurs-ajay-feyzi.X.production.cmf \
  -z -Q18F67K40 -oC:\Users\feyzi\AppData\Local\Temp\xcAsf8c.4 \
  --defsym=__MPLAB_BUILD=1 \
  -Mdist/default/production/final-project-thurs-ajay-feyzi.X.production.map \
  -E1 -ver=XC8 Compiler --acfsm=1493 -ASTACK=015Ah-0DE9h -pstack=STACK \
  -ACODE=00h-01FFFFh -ACONST=00h-01FFFFh -ASMALLCONST=0E00h-0EFFhx498 \
  -AMEDIUMCONST=0E00h-0FFFFh,010E00h-01FFFFh -ACOMRAM=01h-05Fh \
  -AABS1=00h-0DE9h -ABIGRAM=01h-0DE9h \
  -ARAM=060h-0FFh,0100h-01FFhx12,0D00h-0DE9h -ABANK0=060h-0FFh \
  -ABANK1=0100h-01FFh -ABANK2=0200h-02FFh -ABANK3=0300h-03FFh \
  -ABANK4=0400h-04FFh -ABANK5=0500h-05FFh -ABANK6=0600h-06FFh \
  -ABANK7=0700h-07FFh -ABANK8=0800h-08FFh -ABANK9=0900h-09FFh \
  -ABANK10=0A00h-0AFFh -ABANK11=0B00h-0BFFh -ABANK12=0C00h-0CFFh \
  -ABANK13=0D00h-0DE9h \
  -ASFR=0DEFh-0DFFh,0E00h-0EFFh,0F00h-0F5Fh,0F60h-0FFFh \
  -ACONFIG=0300000h-030000Bh -AIDLOC=0200000h-020000Fh \
  -AEEDATA=0310000h-03103FFh -peeprom_data=EEDATA \
  -preset_vec=00h,intcode=08h,intcodelo,powerup,init -pramtop=0E00h \
  -psmallconst=SMALLCONST -pmediumconst=MEDIUMCONST -pconst=CONST \
  -AFARRAM=00h-00h \
  -prdata=COMRAM,nvrram=COMRAM,nvbit=COMRAM,rbss=COMRAM,rbit=COMRAM \
  -pfarbss=FARRAM,fardata=FARRAM,nvFARRAM=FARRAM \
  -pintsave_regs=BIGRAM,bigbss=BIGRAM,bigdata=BIGRAM -pbss=RAM \
  -pidata=CODE,irdata=CODE,ibigdata=CODE,ifardata=CODE -prparam=COMRAM \
  C:\Users\feyzi\AppData\Local\Temp\xcAsf8c.o \
  dist/default/production\final-project-thurs-ajay-feyzi.X.production.o 

Object code version is 3.11

Machine type is 18F67K40



                Name                               Link     Load   Length Selector   Space Scale
C:\Users\feyzi\AppData\Local\Temp\xcAsf8c.o
                idloc                            200000   200000       10        0       5
                config                           300000   300000        C        0       4
                init                                 6C       6C        4        4       0
                reset_vec                             0        0        4        0       0
dist/default/production\final-project-thurs-ajay-feyzi.X.production.o
                intcode                               8        8       64        4       0
                idloc                            200000   200000       10        0       5
                config                           300000   300000        C        0       4
                temp                                 50       50        1        1       1
                text68                             1C00     1C00       28        4       0
                text67                             1DE6     1DE6        A        4       0
                text66                             1DDC     1DDC        A        4       0
                text65                             1DA8     1DA8        C        4       0
                text64                             1D5E     1D5E       16        4       0
                text63                             1CB0     1CB0       20        4       0
                text62                             1D88     1D88       14        4       0
                text61                             14A2     14A2       74        4       0
                text60                             1D2A     1D2A       1E        4       0
                text59                             1B80     1B80       2E        4       0
                text57                             1380     1380       AE        4       0
                text56                             1AB0     1AB0       38        4       0
                text55                             11FE     11FE       C4        4       0
                text54                             1C28     1C28       26        4       0
                text53                              764      764      1D4        4       0
                text52                             1038     1038       E6        4       0
                text51                              938      938      124        4       0
                text50                             1766     1766       4A        4       0
                text49                              C86      C86       FE        4       0
                text48                             1516     1516       66        4       0
                text47                              F52      F52       E6        4       0
                text46                              A5C      A5C      118        4       0
                text45                             1BD8     1BD8       28        4       0
                text44                             1DD2     1DD2        A        4       0
                text43                             1DC8     1DC8        A        4       0
                text42                             1D9C     1D9C        C        4       0
                text41                             1D48     1D48       16        4       0
                text40                             1C90     1C90       20        4       0
                text39                             17B0     17B0       48        4       0
                text38                             1D0C     1D0C       1E        4       0
                text37                             1B1E     1B1E       34        4       0
                text36                             1DBE     1DBE        A        4       0
                text35                             1C70     1C70       20        4       0
                text34                             1BAE     1BAE       2A        4       0
                text33                             1A38     1A38       3E        4       0
                text32                             1D74     1D74       14        4       0
                text31                             1DF8     1DF8        8        4       0
                text30                             1DF0     1DF0        8        4       0
                text29                              D84      D84       E8        4       0
                text28                             157C     157C       58        4       0
                text27                             183E     183E       42        4       0
                text26                             1DB4     1DB4        A        4       0
                text25                             15D4     15D4       54        4       0
                text24                             16CC     16CC       50        4       0
                text23                               70       70      2DA        4       0
                text22                             142E     142E       74        4       0
                text21                             1CEE     1CEE       1E        4       0
                text20                             1B52     1B52       2E        4       0
                text19                             1A76     1A76       3A        4       0
                text18                             12C2     12C2       BE        4       0
                text17                             1AE8     1AE8       36        4       0
                text16                             19FA     19FA       3E        4       0
                text15                             1C4E     1C4E       22        4       0
                text14                             1CD0     1CD0       1E        4       0
                text13                              E6C      E6C       E6        4       0
                text12                             111E     111E       E0        4       0
                text11                             171C     171C       4A        4       0
                text10                             167A     167A       52        4       0
                text9                              19BC     19BC       3E        4       0
                text8                              197E     197E       3E        4       0
                text7                              1900     1900       40        4       0
                text6                              1628     1628       52        4       0
                text5                              18C0     18C0       40        4       0
                text4                              1880     1880       40        4       0
                text3                               B74      B74      112        4       0
                text2                              1940     1940       3E        4       0
                text1                               588      588      1DC        4       0
                text0                               34A      34A      23E        4       0
                cstackCOMRAM                          1        1       46        1       1
                cstackBANK0                          A0       A0       3B       60       1
                bssBANK1                            100      100       5A      100       1
                bssBANK0                             60       60       40       60       1
                dataCOMRAM                           47       47        7        1       1
                bssCOMRAM                            4E       4E        2        1       1
                cinit                              17F8     17F8       46        4       0
                idataCOMRAM                        1E00     1E00        7        4       0

TOTAL           Name                               Link     Load   Length     Space
        CLASS   STACK          

        CLASS   CODE           
                intcode                               8        8       64         0
                init                                 6C       6C        4         0
                reset_vec                             0        0        4         0
                text68                             1C00     1C00       28         0
                text67                             1DE6     1DE6        A         0
                text66                             1DDC     1DDC        A         0
                text65                             1DA8     1DA8        C         0
                text64                             1D5E     1D5E       16         0
                text63                             1CB0     1CB0       20         0
                text62                             1D88     1D88       14         0
                text61                             14A2     14A2       74         0
                text60                             1D2A     1D2A       1E         0
                text59                             1B80     1B80       2E         0
                text57                             1380     1380       AE         0
                text56                             1AB0     1AB0       38         0
                text55                             11FE     11FE       C4         0
                text54                             1C28     1C28       26         0
                text53                              764      764      1D4         0
                text52                             1038     1038       E6         0
                text51                              938      938      124         0
                text50                             1766     1766       4A         0
                text49                              C86      C86       FE         0
                text48                             1516     1516       66         0
                text47                              F52      F52       E6         0
                text46                              A5C      A5C      118         0
                text45                             1BD8     1BD8       28         0
                text44                             1DD2     1DD2        A         0
                text43                             1DC8     1DC8        A         0
                text42                             1D9C     1D9C        C         0
                text41                             1D48     1D48       16         0
                text40                             1C90     1C90       20         0
                text39                             17B0     17B0       48         0
                text38                             1D0C     1D0C       1E         0
                text37                             1B1E     1B1E       34         0
                text36                             1DBE     1DBE        A         0
                text35                             1C70     1C70       20         0
                text34                             1BAE     1BAE       2A         0
                text33                             1A38     1A38       3E         0
                text32                             1D74     1D74       14         0
                text31                             1DF8     1DF8        8         0
                text30                             1DF0     1DF0        8         0
                text29                              D84      D84       E8         0
                text28                             157C     157C       58         0
                text27                             183E     183E       42         0
                text26                             1DB4     1DB4        A         0
                text25                             15D4     15D4       54         0
                text24                             16CC     16CC       50         0
                text23                               70       70      2DA         0
                text22                             142E     142E       74         0
                text21                             1CEE     1CEE       1E         0
                text20                             1B52     1B52       2E         0
                text19                             1A76     1A76       3A         0
                text18                             12C2     12C2       BE         0
                text17                             1AE8     1AE8       36         0
                text16                             19FA     19FA       3E         0
                text15                             1C4E     1C4E       22         0
                text14                             1CD0     1CD0       1E         0
                text13                              E6C      E6C       E6         0
                text12                             111E     111E       E0         0
                text11                             171C     171C       4A         0
                text10                             167A     167A       52         0
                text9                              19BC     19BC       3E         0
                text8                              197E     197E       3E         0
                text7                              1900     1900       40         0
                text6                              1628     1628       52         0
                text5                              18C0     18C0       40         0
                text4                              1880     1880       40         0
                text3                               B74      B74      112         0
                text2                              1940     1940       3E         0
                text1                               588      588      1DC         0
                text0                               34A      34A      23E         0
                cinit                              17F8     17F8       46         0
                idataCOMRAM                        1E00     1E00        7         0

        CLASS   CONST          

        CLASS   SMALLCONST     

        CLASS   MEDIUMCONST    

        CLASS   COMRAM         
                temp                                 50       50        1         1
                cstackCOMRAM                          1        1       46         1
                dataCOMRAM                           47       47        7         1
                bssCOMRAM                            4E       4E        2         1

        CLASS   ABS1           

        CLASS   BIGRAM         

        CLASS   RAM            

        CLASS   BANK0          
                cstackBANK0                          A0       A0       3B         1
                bssBANK0                             60       60       40         1

        CLASS   BANK1          
                bssBANK1                            100      100       5A         1

        CLASS   BANK2          

        CLASS   BANK3          

        CLASS   BANK4          

        CLASS   BANK5          

        CLASS   BANK6          

        CLASS   BANK7          

        CLASS   BANK8          

        CLASS   BANK9          

        CLASS   BANK10         

        CLASS   BANK11         

        CLASS   BANK12         

        CLASS   BANK13         

        CLASS   SFR            

        CLASS   CONFIG         
                config                           300000   300000        C         4

        CLASS   IDLOC          
                idloc                            200000   200000       10         5

        CLASS   EEDATA         

        CLASS   FARRAM         



SEGMENTS        Name                           Load    Length   Top    Selector   Space  Class

                reset_vec                      000000  000004  000004         0       0  CODE    
                cstackCOMRAM                   000001  000050  000051         1       1  COMRAM  
                intcode                        000008  001DFF  001E07         4       0  CODE    
                bssBANK0                       000060  00007B  0000DB        60       1  BANK0   
                bssBANK1                       000100  00005A  00015A       100       1  BANK1   


UNUSED ADDRESS RANGES

        Name                Unused          Largest block    Delta
        BANK0            0000DB-0000FF               25
        BANK1            00015A-0001FF               A6
        BANK10           000A00-000AFF              100
        BANK11           000B00-000BFF              100
        BANK12           000C00-000CFF              100
        BANK13           000D00-000DE9               EA
        BANK2            000200-0002FF              100
        BANK3            000300-0003FF              100
        BANK4            000400-0004FF              100
        BANK5            000500-0005FF              100
        BANK6            000600-0006FF              100
        BANK7            000700-0007FF              100
        BANK8            000800-0008FF              100
        BANK9            000900-0009FF              100
        BIGRAM           000051-00005F                F
                         0000DB-0000FF               25
                         00015A-000DE9              C90
        CODE             000004-000007                4
                         001E07-01FFFF            1E1F9
        COMRAM           000051-00005F                F
        CONST            000004-000007                4
                         001E07-01FFFF            1E1F9
        EEDATA           310000-3103FF              400
        MEDIUMCONST      001E07-00FFFF             E1F9
                         010E00-01FFFF             F200
        RAM              0000DB-0000FF               25
                         00015A-000DE9              100
        SFR              000DEF-000FFF              100
        SMALLCONST       001E07-01FFFF              100
        STACK            00015A-000DE9              C90

                                  Symbol Table

?___atdiv                                 cstackCOMRAM 000019
?___awdiv                                 cstackCOMRAM 000016
?___lwdiv                                 cstackCOMRAM 000010
?___tmul                                  cstackCOMRAM 000010
?___wmul                                  cstackCOMRAM 000010
?_color_read                              cstackCOMRAM 000014
?_get_function_ptr                        cstackCOMRAM 000010
?_get_timing                              cstackCOMRAM 000010
?i2___lwdiv                               cstackCOMRAM 000001
CalibrateReverseSquare@mL                 cstackCOMRAM 00003F
CalibrateReverseSquare@mR                 cstackCOMRAM 000041
CalibrateTurns@k                          cstackBANK0  0000A0
CalibrateTurns@mL                         cstackCOMRAM 000041
CalibrateTurns@mR                         cstackCOMRAM 000043
I2C_2_Master_Read@ack                     cstackCOMRAM 000012
I2C_2_Master_Read@tmp                     cstackCOMRAM 000013
I2C_2_Master_Write@data_byte              cstackCOMRAM 000011
LightsToggle@i                            cstackCOMRAM 000012
PrepareForTurn@mL                         cstackCOMRAM 000039
PrepareForTurn@mR                         cstackCOMRAM 00003B
TurnLeft@mL                               cstackCOMRAM 000030
TurnLeft@mR                               cstackCOMRAM 000032
TurnRight@mL                              cstackCOMRAM 000030
TurnRight@mR                              cstackCOMRAM 000032
_ANSELBbits                               (abs)        000E9A
_ANSELDbits                               (abs)        000EA7
_ANSELFbits                               (abs)        000EB4
_CalibrateReverseSquare                   text49       000C86
_CalibrateTurns                           text46       000A5C
_HighISR                                  intcode      000008
_I2C_2_Master_Idle                        text45       001BD8
_I2C_2_Master_Init                        text34       001BAE
_I2C_2_Master_Read                        text27       00183E
_I2C_2_Master_RepStart                    text26       001DB4
_I2C_2_Master_Start                       text44       001DD2
_I2C_2_Master_Stop                        text43       001DC8
_I2C_2_Master_Write                       text42       001D9C
_INTCONbits                               (abs)        000FF2
_IPR0bits                                 (abs)        000E1F
_Interrupts_init                          text38       001D0C
_LATAbits                                 (abs)        000F79
_LATDbits                                 (abs)        000F7C
_LATE                                     (abs)        000F7D
_LATEbits                                 (abs)        000F7D
_LATFbits                                 (abs)        000F7E
_LATG                                     (abs)        000F7F
_LATGbits                                 (abs)        000F7F
_LATHbits                                 (abs)        000F80
_LEDs_Buttons_init                        text37       001B1E
_LightOff                                 text31       001DF8
_LightOn                                  text30       001DF0
_LightsToggle                             text57       001380
_PIE0bits                                 (abs)        000E29
_PIR0bits                                 (abs)        000E33
_PORTFbits                                (abs)        000F8E
_PWM6CONbits                              (abs)        000FA4
_PWM6DCH                                  (abs)        000FA3
_PWM7CONbits                              (abs)        000FA1
_PWM7DCH                                  (abs)        000FA0
_PrepareForTurn                           text48       001516
_PrepareForTurn$2745                      cstackCOMRAM 00003F
_RC7PPS                                   (abs)        000E69
_RD5PPS                                   (abs)        000E6F
_RD6PPS                                   (abs)        000E70
_RE2PPS                                   (abs)        000E74
_ResetTMR0                                text36       001DBE
_SSP2ADD                                  (abs)        000ED6
_SSP2BUF                                  (abs)        000ED5
_SSP2CLKPPS                               (abs)        000E1C
_SSP2CON1bits                             (abs)        000ED9
_SSP2CON2                                 (abs)        000EDA
_SSP2CON2bits                             (abs)        000EDA
_SSP2DATPPS                               (abs)        000E1D
_SSP2STAT                                 (abs)        000ED8
_T0CON0bits                               (abs)        000FD5
_T0CON1bits                               (abs)        000FD6
_T2CLKCONbits                             (abs)        000FBF
_T2CONbits                                (abs)        000FBD
_T2HLTbits                                (abs)        000FBE
_T2PR                                     (abs)        000FBC
_TMR0H                                    (abs)        000FD4
_TMR0L                                    (abs)        000FD3
_TRISAbits                                (abs)        000F81
_TRISBbits                                (abs)        000F82
_TRISCbits                                (abs)        000F83
_TRISDbits                                (abs)        000F84
_TRISEbits                                (abs)        000F85
_TRISFbits                                (abs)        000F86
_TRISGbits                                (abs)        000F87
_TRISHbits                                (abs)        000F88
_Timer0_init                              text35       001C70
_TurnLeft                                 text47       000F52
_TurnRight                                text13       000E6C
__HRAM                                    (abs)        000000
__Habs1                                   abs1         000000
__Hbank0                                  bank0        000000
__Hbank1                                  bank1        000000
__Hbank10                                 bank10       000000
__Hbank11                                 bank11       000000
__Hbank12                                 bank12       000000
__Hbank13                                 bank13       000000
__Hbank2                                  bank2        000000
__Hbank3                                  bank3        000000
__Hbank4                                  bank4        000000
__Hbank5                                  bank5        000000
__Hbank6                                  bank6        000000
__Hbank7                                  bank7        000000
__Hbank8                                  bank8        000000
__Hbank9                                  bank9        000000
__Hbigbss                                 bigbss       000000
__Hbigdata                                bigdata      000000
__Hbigram                                 bigram       000000
__Hbss                                    bss          000000
__HbssBANK0                               bssBANK0     000000
__HbssBANK1                               bssBANK1     000000
__HbssCOMRAM                              bssCOMRAM    000000
__Hcinit                                  cinit        000000
__Hclrtext                                clrtext      000000
__Hcomram                                 comram       000000
__Hconfig                                 config       30000C
__Hconst                                  const        000000
__HcstackBANK0                            cstackBANK0  000000
__HcstackCOMRAM                           cstackCOMRAM 000000
__Hdata                                   data         000000
__HdataCOMRAM                             dataCOMRAM   000000
__Heeprom_data                            eeprom_data  000000
__Hfarbss                                 farbss       000000
__Hfardata                                fardata      000000
__Hibigdata                               ibigdata     000000
__Hidata                                  idata        000000
__HidataCOMRAM                            idataCOMRAM  000000
__Hidloc                                  idloc        200010
__Hifardata                               ifardata     000000
__Hinit                                   init         000070
__Hintcode                                intcode      00006C
__Hintcode_body                           intcode_body 000000
__Hintcodelo                              intcodelo    00006C
__Hintentry                               intentry     000000
__Hintret                                 intret       000000
__Hintsave_regs                           intsave_regs 000000
__Hirdata                                 irdata       000000
__Hmediumconst                            mediumconst  000000
__HnvFARRAM                               nvFARRAM     000000
__Hnvbit                                  nvbit        000000
__Hnvrram                                 nvrram       000000
__Hparam                                  rparam       000000
__Hpowerup                                powerup      00006C
__Hram                                    ram          000000
__Hramtop                                 ramtop       000E00
__Hrbit                                   rbit         000000
__Hrbss                                   rbss         000000
__Hrdata                                  rdata        000000
__Hreset_vec                              reset_vec    000004
__Hrparam                                 rparam       000000
__Hsfr                                    sfr          000000
__Hsmallconst                             smallconst   000000
__Hspace_0                                (abs)        001E07
__Hspace_1                                (abs)        00015A
__Hspace_2                                (abs)        000000
__Hspace_4                                (abs)        60000C
__Hstack                                  stack        000000
__Hstruct                                 struct       000000
__Htemp                                   temp         000051
__Htext                                   text         000000
__Htext0                                  text0        000000
__Htext1                                  text1        000000
__Htext10                                 text10       000000
__Htext11                                 text11       000000
__Htext12                                 text12       000000
__Htext13                                 text13       000000
__Htext14                                 text14       000000
__Htext15                                 text15       000000
__Htext16                                 text16       000000
__Htext17                                 text17       000000
__Htext18                                 text18       000000
__Htext19                                 text19       000000
__Htext2                                  text2        000000
__Htext20                                 text20       000000
__Htext21                                 text21       000000
__Htext22                                 text22       000000
__Htext23                                 text23       000000
__Htext24                                 text24       000000
__Htext25                                 text25       000000
__Htext26                                 text26       000000
__Htext27                                 text27       000000
__Htext28                                 text28       000000
__Htext29                                 text29       000000
__Htext3                                  text3        000000
__Htext30                                 text30       000000
__Htext31                                 text31       000000
__Htext32                                 text32       000000
__Htext33                                 text33       000000
__Htext34                                 text34       000000
__Htext35                                 text35       000000
__Htext36                                 text36       000000
__Htext37                                 text37       000000
__Htext38                                 text38       000000
__Htext39                                 text39       000000
__Htext4                                  text4        000000
__Htext40                                 text40       000000
__Htext41                                 text41       000000
__Htext42                                 text42       000000
__Htext43                                 text43       000000
__Htext44                                 text44       000000
__Htext45                                 text45       000000
__Htext46                                 text46       000000
__Htext47                                 text47       000000
__Htext48                                 text48       000000
__Htext49                                 text49       000000
__Htext5                                  text5        000000
__Htext50                                 text50       000000
__Htext51                                 text51       000000
__Htext52                                 text52       000000
__Htext53                                 text53       000000
__Htext54                                 text54       000000
__Htext55                                 text55       000000
__Htext56                                 text56       000000
__Htext57                                 text57       000000
__Htext59                                 text59       000000
__Htext6                                  text6        000000
__Htext60                                 text60       000000
__Htext61                                 text61       000000
__Htext62                                 text62       000000
__Htext63                                 text63       000000
__Htext64                                 text64       000000
__Htext65                                 text65       000000
__Htext66                                 text66       000000
__Htext67                                 text67       000000
__Htext68                                 text68       000000
__Htext69                                 text69       000000
__Htext7                                  text7        000000
__Htext8                                  text8        000000
__Htext9                                  text9        000000
__LRAM                                    (abs)        000001
__Labs1                                   abs1         000000
__Lbank0                                  bank0        000000
__Lbank1                                  bank1        000000
__Lbank10                                 bank10       000000
__Lbank11                                 bank11       000000
__Lbank12                                 bank12       000000
__Lbank13                                 bank13       000000
__Lbank2                                  bank2        000000
__Lbank3                                  bank3        000000
__Lbank4                                  bank4        000000
__Lbank5                                  bank5        000000
__Lbank6                                  bank6        000000
__Lbank7                                  bank7        000000
__Lbank8                                  bank8        000000
__Lbank9                                  bank9        000000
__Lbigbss                                 bigbss       000000
__Lbigdata                                bigdata      000000
__Lbigram                                 bigram       000000
__Lbss                                    bss          000000
__LbssBANK0                               bssBANK0     000000
__LbssBANK1                               bssBANK1     000000
__LbssCOMRAM                              bssCOMRAM    000000
__Lcinit                                  cinit        000000
__Lclrtext                                clrtext      000000
__Lcomram                                 comram       000000
__Lconfig                                 config       000000
__Lconst                                  const        000000
__LcstackBANK0                            cstackBANK0  000000
__LcstackCOMRAM                           cstackCOMRAM 000000
__Ldata                                   data         000000
__LdataCOMRAM                             dataCOMRAM   000000
__Leeprom_data                            eeprom_data  000000
__Lfarbss                                 farbss       000000
__Lfardata                                fardata      000000
__Libigdata                               ibigdata     000000
__Lidata                                  idata        000000
__LidataCOMRAM                            idataCOMRAM  000000
__Lidloc                                  idloc        000000
__Lifardata                               ifardata     000000
__Linit                                   init         00006C
__Lintcode                                intcode      000008
__Lintcode_body                           intcode_body 000000
__Lintcodelo                              intcodelo    00006C
__Lintentry                               intentry     000000
__Lintret                                 intret       000000
__Lintsave_regs                           intsave_regs 000000
__Lirdata                                 irdata       000000
__Lmediumconst                            mediumconst  000000
__LnvFARRAM                               nvFARRAM     000000
__Lnvbit                                  nvbit        000000
__Lnvrram                                 nvrram       000000
__Lparam                                  rparam       000000
__Lpowerup                                powerup      00006C
__Lram                                    ram          000000
__Lramtop                                 ramtop       000E00
__Lrbit                                   rbit         000000
__Lrbss                                   rbss         000000
__Lrdata                                  rdata        000000
__Lreset_vec                              reset_vec    000000
__Lrparam                                 rparam       000000
__Lsfr                                    sfr          000000
__Lsmallconst                             smallconst   000000
__Lspace_0                                (abs)        000000
__Lspace_1                                (abs)        000000
__Lspace_2                                (abs)        000000
__Lspace_4                                (abs)        000000
__Lstack                                  stack        000000
__Lstruct                                 struct       000000
__Ltemp                                   temp         000050
__Ltext                                   text         000000
__Ltext0                                  text0        000000
__Ltext1                                  text1        000000
__Ltext10                                 text10       000000
__Ltext11                                 text11       000000
__Ltext12                                 text12       000000
__Ltext13                                 text13       000000
__Ltext14                                 text14       000000
__Ltext15                                 text15       000000
__Ltext16                                 text16       000000
__Ltext17                                 text17       000000
__Ltext18                                 text18       000000
__Ltext19                                 text19       000000
__Ltext2                                  text2        000000
__Ltext20                                 text20       000000
__Ltext21                                 text21       000000
__Ltext22                                 text22       000000
__Ltext23                                 text23       000000
__Ltext24                                 text24       000000
__Ltext25                                 text25       000000
__Ltext26                                 text26       000000
__Ltext27                                 text27       000000
__Ltext28                                 text28       000000
__Ltext29                                 text29       000000
__Ltext3                                  text3        000000
__Ltext30                                 text30       000000
__Ltext31                                 text31       000000
__Ltext32                                 text32       000000
__Ltext33                                 text33       000000
__Ltext34                                 text34       000000
__Ltext35                                 text35       000000
__Ltext36                                 text36       000000
__Ltext37                                 text37       000000
__Ltext38                                 text38       000000
__Ltext39                                 text39       000000
__Ltext4                                  text4        000000
__Ltext40                                 text40       000000
__Ltext41                                 text41       000000
__Ltext42                                 text42       000000
__Ltext43                                 text43       000000
__Ltext44                                 text44       000000
__Ltext45                                 text45       000000
__Ltext46                                 text46       000000
__Ltext47                                 text47       000000
__Ltext48                                 text48       000000
__Ltext49                                 text49       000000
__Ltext5                                  text5        000000
__Ltext50                                 text50       000000
__Ltext51                                 text51       000000
__Ltext52                                 text52       000000
__Ltext53                                 text53       000000
__Ltext54                                 text54       000000
__Ltext55                                 text55       000000
__Ltext56                                 text56       000000
__Ltext57                                 text57       000000
__Ltext59                                 text59       000000
__Ltext6                                  text6        000000
__Ltext60                                 text60       000000
__Ltext61                                 text61       000000
__Ltext62                                 text62       000000
__Ltext63                                 text63       000000
__Ltext64                                 text64       000000
__Ltext65                                 text65       000000
__Ltext66                                 text66       000000
__Ltext67                                 text67       000000
__Ltext68                                 text68       000000
__Ltext69                                 text69       000000
__Ltext7                                  text7        000000
__Ltext8                                  text8        000000
__Ltext9                                  text9        000000
__S0                                      (abs)        001E07
__S1                                      (abs)        00015A
__S2                                      (abs)        000000
__S4                                      (abs)        000000
__S5                                      (abs)        000000
___atdiv                                  text29       000D84
___atdiv@counter                          cstackCOMRAM 00001F
___atdiv@dividend                         cstackCOMRAM 000019
___atdiv@divisor                          cstackCOMRAM 00001C
___atdiv@quotient                         cstackCOMRAM 000021
___atdiv@sign                             cstackCOMRAM 000020
___awdiv                                  text55       0011FE
___awdiv@counter                          cstackCOMRAM 00001A
___awdiv@dividend                         cstackCOMRAM 000016
___awdiv@divisor                          cstackCOMRAM 000018
___awdiv@quotient                         cstackCOMRAM 00001C
___awdiv@sign                             cstackCOMRAM 00001B
___inthi_sp                               stack        000000
___intlo_sp                               stack        000000
___lwdiv                                  text22       00142E
___lwdiv@counter                          cstackCOMRAM 000016
___lwdiv@dividend                         cstackCOMRAM 000010
___lwdiv@divisor                          cstackCOMRAM 000012
___lwdiv@quotient                         cstackCOMRAM 000014
___param_bank                             (abs)        000000
___rparam_used                            (abs)        000001
___sp                                     stack        000000
___tmul                                   text28       00157C
___tmul@multiplicand                      cstackCOMRAM 000013
___tmul@multiplier                        cstackCOMRAM 000010
___tmul@product                           cstackCOMRAM 000016
___wmul                                   text54       001C28
___wmul@multiplicand                      cstackCOMRAM 000012
___wmul@multiplier                        cstackCOMRAM 000010
___wmul@product                           cstackCOMRAM 000014
__accesstop                               (abs)        000060
__activetblptr                            (abs)        000003
__end_of_CalibrateReverseSquare           text49       000D84
__end_of_CalibrateTurns                   text46       000B74
__end_of_HighISR                          intcode      00006C
__end_of_I2C_2_Master_Idle                text45       001C00
__end_of_I2C_2_Master_Init                text34       001BD8
__end_of_I2C_2_Master_Read                text27       001880
__end_of_I2C_2_Master_RepStart            text26       001DBE
__end_of_I2C_2_Master_Start               text44       001DDC
__end_of_I2C_2_Master_Stop                text43       001DD2
__end_of_I2C_2_Master_Write               text42       001DA8
__end_of_Interrupts_init                  text38       001D2A
__end_of_LEDs_Buttons_init                text37       001B52
__end_of_LightOff                         text31       001E00
__end_of_LightOn                          text30       001DF8
__end_of_LightsToggle                     text57       00142E
__end_of_PrepareForTurn                   text48       00157C
__end_of_ResetTMR0                        text36       001DC8
__end_of_Timer0_init                      text35       001C90
__end_of_TurnLeft                         text47       001038
__end_of_TurnRight                        text13       000F52
__end_of___atdiv                          text29       000E6C
__end_of___awdiv                          text55       0012C2
__end_of___lwdiv                          text22       0014A2
__end_of___tmul                           text28       0015D4
__end_of___wmul                           text54       001C4E
__end_of__initialization                  cinit        001834
__end_of_add_function_ptr                 text17       001B1E
__end_of_add_timing                       text21       001D0C
__end_of_blue_move                        text7        001940
__end_of_color_click_init                 text33       001A76
__end_of_color_click_interrupt_init       text39       0017F8
__end_of_color_click_interrupt_off        text32       001D88
__end_of_color_int_clear                  text41       001D5E
__end_of_color_read                       text25       001628
__end_of_color_writetoaddr                text40       001CB0
__end_of_custom_delay_ms                  text56       001AE8
__end_of_decide_color                     text23       00034A
__end_of_forward_square                   text11       001766
__end_of_getTMR0_in_ms                    text20       001B80
__end_of_get_function_ptr                 text15       001C70
__end_of_get_timing                       text14       001CEE
__end_of_green_move                       text9        0019FA
__end_of_initDCmotorsPWM                  text19       001AB0
__end_of_interrupt_threshold_calibrate    text18       001380
__end_of_lightblue_move                   text5        001900
__end_of_main                             text0        000588
__end_of_move_backward                    text51       000A5C
__end_of_move_forward                     text12       0011FE
__end_of_orange_move                      text4        0018C0
__end_of_pick_move                        text1        000764
__end_of_pink_move                        text16       001A38
__end_of_read_All_Colors                  text24       00171C
__end_of_red_move                         text8        0019BC
__end_of_reverse_pink_move                text6        00167A
__end_of_reverse_square                   text50       0017B0
__end_of_reverse_yellow_move              text10       0016CC
__end_of_setMotorPWM                      text53       000938
__end_of_stop                             text52       00111E
__end_of_white_move                       text3        000C86
__end_of_yellow_move                      text2        00197E
__end_ofi2_I2C_2_Master_Idle              text68       001C28
__end_ofi2_I2C_2_Master_Start             text67       001DF0
__end_ofi2_I2C_2_Master_Stop              text66       001DE6
__end_ofi2_I2C_2_Master_Write             text65       001DB4
__end_ofi2___lwdiv                        text61       001516
__end_ofi2_add_timing                     text60       001D48
__end_ofi2_color_click_interrupt_off      text62       001D9C
__end_ofi2_color_int_clear                text64       001D74
__end_ofi2_color_writetoaddr              text63       001CD0
__end_ofi2_getTMR0_in_ms                  text59       001BAE
__initialization                          cinit        0017F8
__mediumconst                             mediumconst  000000
__pbssBANK0                               bssBANK0     000060
__pbssBANK1                               bssBANK1     000100
__pbssCOMRAM                              bssCOMRAM    00004E
__pcinit                                  cinit        0017F8
__pcstackBANK0                            cstackBANK0  0000A0
__pcstackCOMRAM                           cstackCOMRAM 000001
__pdataCOMRAM                             dataCOMRAM   000047
__pidataCOMRAM                            idataCOMRAM  001E00
__pintcode                                intcode      000008
__ptext0                                  text0        00034A
__ptext1                                  text1        000588
__ptext10                                 text10       00167A
__ptext11                                 text11       00171C
__ptext12                                 text12       00111E
__ptext13                                 text13       000E6C
__ptext14                                 text14       001CD0
__ptext15                                 text15       001C4E
__ptext16                                 text16       0019FA
__ptext17                                 text17       001AE8
__ptext18                                 text18       0012C2
__ptext19                                 text19       001A76
__ptext2                                  text2        001940
__ptext20                                 text20       001B52
__ptext21                                 text21       001CEE
__ptext22                                 text22       00142E
__ptext23                                 text23       000070
__ptext24                                 text24       0016CC
__ptext25                                 text25       0015D4
__ptext26                                 text26       001DB4
__ptext27                                 text27       00183E
__ptext28                                 text28       00157C
__ptext29                                 text29       000D84
__ptext3                                  text3        000B74
__ptext30                                 text30       001DF0
__ptext31                                 text31       001DF8
__ptext32                                 text32       001D74
__ptext33                                 text33       001A38
__ptext34                                 text34       001BAE
__ptext35                                 text35       001C70
__ptext36                                 text36       001DBE
__ptext37                                 text37       001B1E
__ptext38                                 text38       001D0C
__ptext39                                 text39       0017B0
__ptext4                                  text4        001880
__ptext40                                 text40       001C90
__ptext41                                 text41       001D48
__ptext42                                 text42       001D9C
__ptext43                                 text43       001DC8
__ptext44                                 text44       001DD2
__ptext45                                 text45       001BD8
__ptext46                                 text46       000A5C
__ptext47                                 text47       000F52
__ptext48                                 text48       001516
__ptext49                                 text49       000C86
__ptext5                                  text5        0018C0
__ptext50                                 text50       001766
__ptext51                                 text51       000938
__ptext52                                 text52       001038
__ptext53                                 text53       000764
__ptext54                                 text54       001C28
__ptext55                                 text55       0011FE
__ptext56                                 text56       001AB0
__ptext57                                 text57       001380
__ptext59                                 text59       001B80
__ptext6                                  text6        001628
__ptext60                                 text60       001D2A
__ptext61                                 text61       0014A2
__ptext62                                 text62       001D88
__ptext63                                 text63       001CB0
__ptext64                                 text64       001D5E
__ptext65                                 text65       001DA8
__ptext66                                 text66       001DDC
__ptext67                                 text67       001DE6
__ptext68                                 text68       001C00
__ptext69                                 text69       000000
__ptext7                                  text7        001900
__ptext8                                  text8        00197E
__ptext9                                  text9        0019BC
__ramtop                                  ramtop       000E00
__size_of_CalibrateReverseSquare          (abs)        000000
__size_of_CalibrateTurns                  (abs)        000000
__size_of_HighISR                         (abs)        000000
__size_of_I2C_2_Master_Idle               (abs)        000000
__size_of_I2C_2_Master_Init               (abs)        000000
__size_of_I2C_2_Master_Read               (abs)        000000
__size_of_I2C_2_Master_RepStart           (abs)        000000
__size_of_I2C_2_Master_Start              (abs)        000000
__size_of_I2C_2_Master_Stop               (abs)        000000
__size_of_I2C_2_Master_Write              (abs)        000000
__size_of_Interrupts_init                 (abs)        000000
__size_of_LEDs_Buttons_init               (abs)        000000
__size_of_LightOff                        (abs)        000000
__size_of_LightOn                         (abs)        000000
__size_of_LightsToggle                    (abs)        000000
__size_of_PrepareForTurn                  (abs)        000000
__size_of_ResetTMR0                       (abs)        000000
__size_of_Timer0_init                     (abs)        000000
__size_of_TurnLeft                        (abs)        000000
__size_of_TurnRight                       (abs)        000000
__size_of___atdiv                         (abs)        000000
__size_of___awdiv                         (abs)        000000
__size_of___lwdiv                         (abs)        000000
__size_of___tmul                          (abs)        000000
__size_of___wmul                          (abs)        000000
__size_of_add_function_ptr                (abs)        000000
__size_of_add_timing                      (abs)        000000
__size_of_blue_move                       (abs)        000000
__size_of_color_click_init                (abs)        000000
__size_of_color_click_interrupt_init      (abs)        000000
__size_of_color_click_interrupt_off       (abs)        000000
__size_of_color_int_clear                 (abs)        000000
__size_of_color_read                      (abs)        000000
__size_of_color_writetoaddr               (abs)        000000
__size_of_custom_delay_ms                 (abs)        000000
__size_of_decide_color                    (abs)        000000
__size_of_forward_square                  (abs)        000000
__size_of_getTMR0_in_ms                   (abs)        000000
__size_of_get_function_ptr                (abs)        000000
__size_of_get_timing                      (abs)        000000
__size_of_green_move                      (abs)        000000
__size_of_initDCmotorsPWM                 (abs)        000000
__size_of_interrupt_threshold_calibrate   (abs)        000000
__size_of_lightblue_move                  (abs)        000000
__size_of_main                            (abs)        000000
__size_of_move_backward                   (abs)        000000
__size_of_move_forward                    (abs)        000000
__size_of_orange_move                     (abs)        000000
__size_of_pick_move                       (abs)        000000
__size_of_pink_move                       (abs)        000000
__size_of_read_All_Colors                 (abs)        000000
__size_of_red_move                        (abs)        000000
__size_of_reverse_pink_move               (abs)        000000
__size_of_reverse_square                  (abs)        000000
__size_of_reverse_yellow_move             (abs)        000000
__size_of_setMotorPWM                     (abs)        000000
__size_of_stop                            (abs)        000000
__size_of_white_move                      (abs)        000000
__size_of_yellow_move                     (abs)        000000
__size_ofi2_I2C_2_Master_Idle             (abs)        000000
__size_ofi2_I2C_2_Master_Start            (abs)        000000
__size_ofi2_I2C_2_Master_Stop             (abs)        000000
__size_ofi2_I2C_2_Master_Write            (abs)        000000
__size_ofi2___lwdiv                       (abs)        000000
__size_ofi2_add_timing                    (abs)        000000
__size_ofi2_color_click_interrupt_off     (abs)        000000
__size_ofi2_color_int_clear               (abs)        000000
__size_ofi2_color_writetoaddr             (abs)        000000
__size_ofi2_getTMR0_in_ms                 (abs)        000000
__smallconst                              smallconst   000000
_add_function_ptr                         text17       001AE8
_add_timing                               text21       001CEE
_blue_move                                text7        001900
_color_click_init                         text33       001A38
_color_click_interrupt_init               text39       0017B0
_color_click_interrupt_off                text32       001D74
_color_flag                               bssBANK0     00009C
_color_int_clear                          text41       001D48
_color_read                               text25       0015D4
_color_writetoaddr                        text40       001C90
_custom_delay_ms                          text56       001AB0
_decide_color                             text23       000070
_forward_square                           text11       00171C
_funcPtrList                              bssBANK1     000100
_func_index                               bssBANK0     00009F
_getTMR0_in_ms                            text20       001B52
_get_function_ptr                         text15       001C4E
_get_timing                               text14       001CD0
_green_move                               text9        0019BC
_initDCmotorsPWM                          text19       001A76
_int_high                                 dataCOMRAM   000047
_int_low                                  bssCOMRAM    00004E
_interrupt_threshold_calibrate            text18       0012C2
_lightblue_move                           text5        0018C0
_lost_flag                                bssBANK0     00009D
_main                                     text0        00034A
_move_backward                            text51       000938
_move_forward                             text12       00111E
_orange_move                              text4        001880
_peak_power                               dataCOMRAM   00004D
_pick_move                                text1        000588
_pink_move                                text16       0019FA
_read_All_Colors                          text24       0016CC
_red_move                                 text8        00197E
_reverse_pink_move                        text6        001628
_reverse_square                           text50       001766
_reverse_time                             dataCOMRAM   000049
_reverse_yellow_move                      text10       00167A
_setMotorPWM                              text53       000764
_stop                                     text52       001038
_timeList                                 bssBANK0     000060
_time_index                               bssBANK0     00009E
_turning_time                             dataCOMRAM   00004B
_white_move                               text3        000B74
_yellow_move                              text2        001940
add_function_ptr@func                     cstackCOMRAM 000010
add_timing@timing                         cstackCOMRAM 000017
blue_move@i                               cstackCOMRAM 000041
blue_move@mL                              cstackBANK0  0000B0
blue_move@mR                              cstackBANK0  0000B2
btemp                                     temp         000050
color_read@address                        cstackCOMRAM 000019
color_read@tmp                            cstackCOMRAM 00001A
color_writetoaddr@address                 cstackCOMRAM 000013
color_writetoaddr@value                   cstackCOMRAM 000012
custom_delay_ms@delay_time                cstackCOMRAM 000010
custom_delay_ms@i                         cstackCOMRAM 000013
decide_color@LED_and_ambient              cstackBANK0  0000B3
decide_color@ambient                      cstackBANK0  0000AB
decide_color@black_threshold              cstackBANK0  0000A9
decide_color@bluePercentage               cstackBANK0  0000BC
decide_color@blue_real                    cstackBANK0  0000A6
decide_color@clear_real                   cstackBANK0  0000BD
decide_color@color_decision               cstackBANK0  0000C0
decide_color@greenPercentage              cstackBANK0  0000BB
decide_color@green_real                   cstackBANK0  0000A3
decide_color@redPercentage                cstackBANK0  0000C1
decide_color@red_real                     cstackBANK0  0000A0
end_of_initialization                     cinit        001834
forward_square@mL                         cstackCOMRAM 000039
forward_square@mR                         cstackCOMRAM 00003B
getTMR0_in_ms@temp                        cstackCOMRAM 000019
green_move@mL                             cstackBANK0  0000B0
green_move@mR                             cstackBANK0  0000B2
i2I2C_2_Master_Write@data_byte            cstackCOMRAM 000002
i2_I2C_2_Master_Idle                      text68       001C00
i2_I2C_2_Master_Start                     text67       001DE6
i2_I2C_2_Master_Stop                      text66       001DDC
i2_I2C_2_Master_Write                     text65       001DA8
i2___lwdiv                                text61       0014A2
i2___lwdiv@counter                        cstackCOMRAM 000007
i2___lwdiv@dividend                       cstackCOMRAM 000001
i2___lwdiv@divisor                        cstackCOMRAM 000003
i2___lwdiv@quotient                       cstackCOMRAM 000005
i2_add_timing                             text60       001D2A
i2_color_click_interrupt_off              text62       001D88
i2_color_int_clear                        text64       001D5E
i2_color_writetoaddr                      text63       001CB0
i2_getTMR0_in_ms                          text59       001B80
i2add_timing@timing                       cstackCOMRAM 000008
i2color_writetoaddr@address               cstackCOMRAM 000004
i2color_writetoaddr@value                 cstackCOMRAM 000003
i2getTMR0_in_ms@temp                      cstackCOMRAM 00000A
initDCmotorsPWM@PWMperiod                 cstackCOMRAM 000010
int$flags                                 temp         000050
interrupt_threshold_calibrate@amb_and_LED cstackCOMRAM 00001C
interrupt_threshold_calibrate@black       cstackCOMRAM 00001E
intlevel0                                 text         000000
intlevel1                                 text         000000
intlevel2                                 text         000000
intlevel3                                 text         000000
isa$std                                   (abs)        000001
isa$xinst                                 (abs)        000000
lightblue_move@i                          cstackCOMRAM 000042
lightblue_move@mL                         cstackBANK0  0000B0
lightblue_move@mR                         cstackBANK0  0000B2
main@color_detected                       cstackBANK0  0000C4
main@mL                                   cstackBANK0  0000C5
main@mR                                   cstackBANK0  0000C7
main@motorL                               cstackBANK0  0000C9
main@motorR                               cstackBANK0  0000D2
move_backward@duration                    cstackCOMRAM 000034
move_backward@mL                          cstackCOMRAM 000030
move_backward@mR                          cstackCOMRAM 000032
move_forward@duration                     cstackCOMRAM 000034
move_forward@mL                           cstackCOMRAM 000030
move_forward@mR                           cstackCOMRAM 000032
orange_move@i                             cstackCOMRAM 000042
orange_move@mL                            cstackBANK0  0000B0
orange_move@mR                            cstackBANK0  0000B2
pick_move@color                           cstackCOMRAM 000045
pick_move@mL                              cstackBANK0  0000BD
pick_move@mR                              cstackBANK0  0000BF
pink_move@mL                              cstackCOMRAM 00003F
pink_move@mR                              cstackCOMRAM 000041
read_All_Colors@i                         cstackCOMRAM 00001E
read_All_Colors@writeArray                cstackCOMRAM 00001C
red_move@mL                               cstackBANK0  0000B0
red_move@mR                               cstackBANK0  0000B2
reverse_pink_move@mL                      cstackBANK0  0000B0
reverse_pink_move@mR                      cstackBANK0  0000B2
reverse_square@mL                         cstackCOMRAM 000039
reverse_square@mR                         cstackCOMRAM 00003B
reverse_yellow_move@mL                    cstackBANK0  0000B0
reverse_yellow_move@mR                    cstackBANK0  0000B2
setMotorPWM@PWMduty                       cstackCOMRAM 000027
setMotorPWM@m                             cstackCOMRAM 00001E
stackhi                                   (abs)        000DE9
stacklo                                   (abs)        00015A
start                                     init         00006C
start_initialization                      cinit        0017F8
stop@mL                                   cstackCOMRAM 000029
stop@mR                                   cstackCOMRAM 00002B
ttemp5                                    temp         000051
ttemp6                                    temp         000054
ttemp7                                    temp         000058
white_move@mL                             cstackBANK0  0000B4
white_move@mR                             cstackBANK0  0000B6
white_move@temp_func                      cstackBANK0  0000B8
white_move@temp_time                      cstackBANK0  0000BB
wtemp8                                    temp         000051
yellow_move@mL                            cstackCOMRAM 00003F
yellow_move@mR                            cstackCOMRAM 000041


MODULE INFORMATION

Module		Function		Class		Link	Load	Size
C:\Program Files\Microchip\xc8\v2.32\pic\sources\c99\common\awdiv.c
		___awdiv       		CODE           	11FE	0000	196

C:\Program Files\Microchip\xc8\v2.32\pic\sources\c99\common\awdiv.c estimated size: 196

timers.c
		_custom_delay_ms		CODE           	1AB0	0000	56
		_Timer0_init   		CODE           	1C70	0000	32
		_getTMR0_in_ms 		CODE           	1B52	0000	46
		_ResetTMR0     		CODE           	1DBE	0000	10

timers.c estimated size: 144

color.c
		_color_writetoaddr		CODE           	1C90	0000	32
		_color_click_init		CODE           	1A38	0000	62
		_color_read    		CODE           	15D4	0000	84
		_color_click_interrupt_init		CODE           	17B0	0000	72
		_interrupt_threshold_calibrate		CODE           	12C2	0000	190
		_color_click_interrupt_off		CODE           	1D74	0000	20
		_color_int_clear		CODE           	1D48	0000	22
		_read_All_Colors		CODE           	16CC	0000	80
		_decide_color  		CODE           	0070	0000	730

color.c estimated size: 1292

C:\Program Files\Microchip\xc8\v2.32\pic\sources\c99\common\Umul24.c
		___tmul        		CODE           	157C	0000	88

C:\Program Files\Microchip\xc8\v2.32\pic\sources\c99\common\Umul24.c estimated size: 88

C:\Program Files\Microchip\xc8\v2.32\pic\sources\c99\common\atdiv.c
		___atdiv       		CODE           	0D84	0000	232

C:\Program Files\Microchip\xc8\v2.32\pic\sources\c99\common\atdiv.c estimated size: 232

dc_motor.c
		_PrepareForTurn		CODE           	1516	0000	102
		_reverse_square		CODE           	1766	0000	74
		_stop          		CODE           	1038	0000	230
		_initDCmotorsPWM		CODE           	1A76	0000	58
		_move_forward  		CODE           	111E	0000	224
		_move_backward 		CODE           	0938	0000	292
		_setMotorPWM   		CODE           	0764	0000	468
		_CalibrateReverseSquare		CODE           	0C86	0000	254
		_CalibrateTurns		CODE           	0A5C	0000	280
		_forward_square		CODE           	171C	0000	74
		_TurnLeft      		CODE           	0F52	0000	230
		_TurnRight     		CODE           	0E6C	0000	230

dc_motor.c estimated size: 2516

interrupts.c
		_Interrupts_init		CODE           	1D0C	0000	30
		_HighISR       		CODE           	0008	0000	100

interrupts.c estimated size: 130

Memory.c
		_get_function_ptr		CODE           	1C4E	0000	34
		_add_function_ptr		CODE           	1AE8	0000	54
		_get_timing    		CODE           	1CD0	0000	30
		_add_timing    		CODE           	1CEE	0000	30

Memory.c estimated size: 148

i2c.c
		_I2C_2_Master_Start		CODE           	1DD2	0000	10
		_I2C_2_Master_Read		CODE           	183E	0000	66
		_I2C_2_Master_Idle		CODE           	1BD8	0000	40
		_I2C_2_Master_Init		CODE           	1BAE	0000	42
		_I2C_2_Master_Stop		CODE           	1DC8	0000	10
		_I2C_2_Master_RepStart		CODE           	1DB4	0000	10
		_I2C_2_Master_Write		CODE           	1D9C	0000	12

i2c.c estimated size: 190

C:\Program Files\Microchip\xc8\v2.32\pic\sources\c99\common\Umul16.c
		___wmul        		CODE           	1C28	0000	38

C:\Program Files\Microchip\xc8\v2.32\pic\sources\c99\common\Umul16.c estimated size: 38

shared
		i2_I2C_2_Master_Stop		CODE           	1DDC	0000	10
		i2_getTMR0_in_ms		CODE           	1B80	0000	46
		i2_add_timing  		CODE           	1D2A	0000	30
		i2___lwdiv     		CODE           	14A2	0000	116
		i2_I2C_2_Master_Idle		CODE           	1C00	0000	40
		i2_color_click_interrupt_off		CODE           	1D88	0000	20
		__initialization		CODE           	17F8	0000	60
		i2_I2C_2_Master_Write		CODE           	1DA8	0000	12
		i2_color_writetoaddr		CODE           	1CB0	0000	32
		i2_I2C_2_Master_Start		CODE           	1DE6	0000	10
		i2_color_int_clear		CODE           	1D5E	0000	22

shared estimated size: 398

CardMoves.c
		_red_move      		CODE           	197E	0000	62
		_reverse_yellow_move		CODE           	167A	0000	82
		_lightblue_move		CODE           	18C0	0000	64
		_white_move    		CODE           	0B74	0000	274
		_reverse_pink_move		CODE           	1628	0000	82
		_orange_move   		CODE           	1880	0000	64
		_pick_move     		CODE           	0588	0000	476
		_green_move    		CODE           	19BC	0000	62
		_blue_move     		CODE           	1900	0000	64
		_pink_move     		CODE           	19FA	0000	62
		_yellow_move   		CODE           	1940	0000	62

CardMoves.c estimated size: 1354

C:\Program Files\Microchip\xc8\v2.32\pic\sources\c99\common\lwdiv.c
		___lwdiv       		CODE           	142E	0000	116

C:\Program Files\Microchip\xc8\v2.32\pic\sources\c99\common\lwdiv.c estimated size: 116

LEDsButtons.c
		_LEDs_Buttons_init		CODE           	1B1E	0000	52
		_LightOn       		CODE           	1DF0	0000	8
		_LightOff      		CODE           	1DF8	0000	8
		_LightsToggle  		CODE           	1380	0000	174

LEDsButtons.c estimated size: 242

main.c
		_main          		CODE           	034A	0000	574

main.c estimated size: 574

